C51 COMPILER V9.00   MOTO                                                                  12/17/2018 11:20:19 PAGE 1   


C51 COMPILER V9.00, COMPILATION OF MODULE MOTO
OBJECT MODULE PLACED IN ..\output\moto.obj
COMPILER INVOKED BY: D:\Software\KEIL 4\C51\BIN\C51.EXE ..\source\moto.c OMF2 BROWSE DEBUG PRINT(..\listing\moto.lst) OB
                    -JECT(..\output\moto.obj)

line level    source

   1          #include<at89x52.h>
   2          #include"global.h"
   3          #include"public.h"
   4          #include"moto.h"
   5          unsigned char  DIR;    //方向
   6          unsigned char  SHIFT;  //档位
   7          unsigned char  BDIR;   //存方向状态
   8          void left(void)        {LMF=1;LMB=0;RMF=0;RMB=1;}        //左转
   9          void right(void)       {LMF=0;LMB=1;RMF=1;RMB=0;}        //右转
  10          void forward(void)         {LMF=0;LMB=1;RMF=0;RMB=1;}    //前进
  11          void back(void)        {LMF=1;LMB=0;RMF=1;RMB=0;}        //后退
  12          void stop(void)            {LMF=1;LMB=1;RMF=1;RMB=1;}    //停止
  13          void left_lun(void)        {LMF=1;LMB=0;}                                //左轮单独控制
  14          void right_lun(void)   {RMF=1;RMB=0;}                            //右轮单独控制
  15          
  16          void run(void)  
  17                     {
  18   1              switch (DIR)
  19   1                       {case 0:stop();      break;
  20   2                        case 1:forward();   break;    
  21   2                        case 2:back();      break;      
  22   2                        case 3:left();      break;      
  23   2                        case 4:right();     break;     
  24   2                   } 
  25   1                 }
  26          
  27          void initINT(void)
  28          {
  29   1       IT1=IT0=1;
  30   1       EX1=EX0=1;
  31   1      }
  32          
  33          void INT_0()interrupt 0           //换向
  34          { 
  35   1       delaynms(10);
  36   1       if(!INT0)
  37   1       {
  38   2         DIR++;
  39   2         if(DIR>1)DIR=0;
  40   2         BDIR=DIR;
  41   2       }
  42   1      // delaynms(10);
  43   1      //  if(!INT0)
  44   1      //  {
  45   1      //   DIR++;if(DIR>4)DIR=0;
  46   1      //   BDIR = DIR;
  47   1      //  }
  48   1      }
  49          
  50          void INT_1()interrupt 2            //换挡位
  51          {
  52   1         delaynms(10);
  53   1         if(!INT1)
  54   1        {
C51 COMPILER V9.00   MOTO                                                                  12/17/2018 11:20:19 PAGE 2   

  55   2         SHIFT++;if(SHIFT>4)SHIFT=0;
  56   2        }
  57   1      }                          


MODULE INFORMATION:   STATIC OVERLAYABLE
   CODE SIZE        =    263    ----
   CONSTANT SIZE    =   ----    ----
   XDATA SIZE       =   ----    ----
   PDATA SIZE       =   ----    ----
   DATA SIZE        =      3    ----
   IDATA SIZE       =   ----    ----
   BIT SIZE         =   ----    ----
   EDATA SIZE       =   ----    ----
   HDATA SIZE       =   ----    ----
   XDATA CONST SIZE =   ----    ----
   FAR CONST SIZE   =   ----    ----
END OF MODULE INFORMATION.


C51 COMPILATION COMPLETE.  0 WARNING(S),  0 ERROR(S)
