C51 COMPILER V9.00   MAIN                                                                  05/03/2019 00:44:59 PAGE 1   


C51 COMPILER V9.00, COMPILATION OF MODULE MAIN
OBJECT MODULE PLACED IN MAIN.OBJ
COMPILER INVOKED BY: D:\Software\KEIL 4\C51\BIN\C51.EXE MAIN.c BROWSE DEBUG OBJECTEXTEND

line level    source

   1          #include "reg52.h"
   2          #include "IR.H"
   3           sbit LED = P2^6;
   4           /* 变量定义 ----------------------------------------------- */
   5           unsigned char IRtime;        //存储检测到红外线高低电平持续的时间
   6           unsigned char IRcord[4];     //存储解码后的4个字节数据
   7           unsigned char IRdata[33];    //包含起始在内的33位数据
   8           bit IRpro_ok;                            //解码4个字节数据接收完成标志位
   9           bit IRok;                                        //33位数据接收完成标志
  10          
  11           /* 函数声明 ----------------------------------------------- */  
  12          void IRcordpro();                                    
  13          
  14          /**********************************************************
  15           * 函数名称 : IR_Init()
  16           * 功    能 : 初始化红外线接收，定时器，外部中断 ，串口初始化
  17           * 备    注 : 初始化外部中断1
  18           **********************************************************/
  19          void IR_Init()
  20          {
  21   1          TMOD |= 0x02;    //8位自动重装
  22   1              TL0 = TH0 = 0;
  23   1              EA = 1;              //打开总中断
  24   1              ET0 = 1;                 //开启定时器0中断
  25   1              TR0 = 1;                 //开启定时器0
  26   1                
  27   1          IT0 = 1;         //下降沿触发
  28   1          EX0 = 1;         //打开中断0允许      
  29   1      
  30   1              TMOD |=0x20;     //定时器8位自动从装
  31   1              TL1 = TH1 =0xfd; //比特率9600；
  32   1              SM1 = 1;                 //串口工作模式1，10位异步收发
  33   1              TR1 = 1;                 //启动定时器1
  34   1      }
  35          
  36          
  37          
  38          
  39          /**********************************************************
  40          *定时中断函数，每中断一次需要256 * 0.5us = 128 us
  41          * 24MHz 内部晶振 1/24*12=0.5us
  42          *
  43          ***********************************************************/
  44          void time0() interrupt 1
  45          { 
  46   1        IRtime++;//128us
  47   1      }
  48          
  49          /**********************************************************
  50          *外部中断函数，提取数据码
  51          *
  52          ***********************************************************/
  53          void int0() interrupt 0
  54          {  
  55   1       
C51 COMPILER V9.00   MAIN                                                                  05/03/2019 00:44:59 PAGE 2   

  56   1        static unsigned char i;       //静态变量用于存入33次数据计数
  57   1        static bit startflag;         //开始储存脉宽标志位
  58   1         LED=!LED;
  59   1        if(startflag)
  60   1        {
  61   2          if((IRtime < 53)&&(IRtime>=32)) i = 0;  //判断是否为起始码
  62   2              IRdata[i] = IRtime;       //以T0益出的次数来计算脉宽，把这个值存入数组中
  63   2              IRtime = 0;
  64   2              i++;     //存入下一位
  65   2              if(i==33)       //i等于33表示数据传完
  66   2              {
  67   3                      IRok = 1;       //标志位
  68   3                      i=0;            //清零
  69   3              }
  70   2              
  71   2        }
  72   1        else
  73   1              {
  74   2                IRtime =0;    //时间清零
  75   2                startflag = 1;
  76   2              }
  77   1      }
  78          
  79          /**********************************************************
  80          *将33次脉宽解码出来
  81          *
  82          ***********************************************************/
  83          void IRcordpro()
  84          {
  85   1        unsigned char i;  // 计数处理4个字节
  86   1        unsigned char j;      //计数处理1个字节的8位数据
  87   1        unsigned char k;      //计数处理33次脉宽
  88   1        k = 1;        //从第一位开始处理，都掉起始码
  89   1        for(i= 0;i<4;i++)
  90   1        {
  91   2         for(j=0;j<8;j++)
  92   2         {
  93   3                if(IRdata[k] >5) IRcord[i] |= 0x80;     //data里面的存的时间大于10*128us=12.8ms,表示位1.
  94   3                if(j < 7) IRcord[i] >>= 1;                    // 只能向右移7次
  95   3                k++;     //处理下一次脉宽
  96   3         }
  97   2        }
  98   1        IRpro_ok = 1; //解码完成标志
  99   1      }
 100          
 101          
 102          
 103          void main()
 104           { 
 105   1        unsigned char i;
 106   1        IR_Init();
 107   1         while(1)
 108   1         {
 109   2              if(IRok) //判断33次脉宽是否提取完成
 110   2              {   
 111   3                IRcordpro();  //解码函数
 112   3                IRok = 0;     //清零脉宽检测完成标志位，
 113   3                if(IRpro_ok)  //判断解码是否完成
 114   3                {
 115   4                  for(i=0;i<4;i++)     //串口发送4个字节数据
 116   4                      {
 117   5                       SBUF = IRcord[i];
C51 COMPILER V9.00   MAIN                                                                  05/03/2019 00:44:59 PAGE 3   

 118   5                       while(!TI);             //等待发送完成
 119   5                       TI = 0;
 120   5                      }
 121   4                      IRpro_ok = 0; 
 122   4                }
 123   3              }
 124   2         }
 125   1       }


MODULE INFORMATION:   STATIC OVERLAYABLE
   CODE SIZE        =    192    ----
   CONSTANT SIZE    =   ----    ----
   XDATA SIZE       =   ----    ----
   PDATA SIZE       =   ----    ----
   DATA SIZE        =     39    ----
   IDATA SIZE       =   ----    ----
   BIT SIZE         =      3    ----
END OF MODULE INFORMATION.


C51 COMPILATION COMPLETE.  0 WARNING(S),  0 ERROR(S)
